[06:31:35]: === Start run ===
[06:31:35]: Log purge folder not found | C:\XchUpshop\src\drivers\import_orders_into_sms\XchUpshop\log
[06:31:35]: Opening database connection...
[06:31:35]: Validating database connectivity...
[06:31:35]: Connecting to SQL Server... | BUL_SPRO25000 / STORESQL
[06:31:54]: Run summary: items_seen=0, hdr_inserts=0, hdr_skipped=0, dtl_inserts=0, dtl_skipped=0
[06:31:54]: No orders were imported | You can close this window
[06:31:54]: === End run ===
[06:31:54]: Import failed: ('08001', "[08001] [Microsoft][ODBC SQL Server Driver][DBNETLIB]SQL Server n'existe pas ou son accès est refusé. (17) (SQLDriverConnect); [08001] [Microsoft][ODBC SQL Server Driver][DBNETLIB]ConnectionOpen (Connect()). (53)")
Traceback (most recent call last):
  File "C:\XchUpshop\src\drivers\import_orders_into_sms\main.py", line 1058, in worker
    totals = run_import()
  File "C:\XchUpshop\src\drivers\import_orders_into_sms\main.py", line 806, in run_import
    conn = open_and_validate_database_connection()
  File "C:\XchUpshop\src\drivers\import_orders_into_sms\main.py", line 368, in open_and_validate_database_connection
    conn = _get_sql_connection()
  File "C:\XchUpshop\src\drivers\import_orders_into_sms\main.py", line 361, in _get_sql_connection
    conn = pyodbc.connect(connection_string)
pyodbc.OperationalError: ('08001', "[08001] [Microsoft][ODBC SQL Server Driver][DBNETLIB]SQL Server n'existe pas ou son accès est refusé. (17) (SQLDriverConnect); [08001] [Microsoft][ODBC SQL Server Driver][DBNETLIB]ConnectionOpen (Connect()). (53)")
[10:53:02]: === Start run ===
[10:53:02]: BASE_DIR=C:\XchUpshop\src\drivers\import_orders_into_sms
[11:03:40]: === Start run ===
[11:03:40]: BASE_DIR=C:\XchUpshop\src\drivers\import_orders_into_sms
